// Jest Snapshot v1, https://goo.gl/fbAQLP

exports[`EllipsisMenu renders correctly 1`] = `
<div>
  <div
    class="woocommerce-ellipsis-menu"
  >
    <div
      class="components-dropdown"
    >
      <button
        aria-expanded="false"
        class="components-button woocommerce-ellipsis-menu__toggle has-text has-icon"
        title="foo"
        type="button"
      >
        <svg
          aria-hidden="true"
          class="dashicon dashicons-ellipsis"
          focusable="false"
          height="20"
          role="img"
          viewBox="0 0 20 20"
          width="20"
          xmlns="http://www.w3.org/2000/svg"
        >
          <path
            d="M5 10c0 1.1-.9 2-2 2s-2-.9-2-2 .9-2 2-2 2 .9 2 2zm12-2c-1.1 0-2 .9-2 2s.9 2 2 2 2-.9 2-2-.9-2-2-2zm-7 0c-1.1 0-2 .9-2 2s.9 2 2 2 2-.9 2-2-.9-2-2-2z"
          />
        </svg>
        <svg
          aria-hidden="true"
          focusable="false"
          height="24"
          role="img"
          viewBox="0 0 24 24"
          width="24"
          xmlns="http://www.w3.org/2000/svg"
        >
          <path
            d="M4 9v1.5h16V9H4zm12 5.5h4V13h-4v1.5zm-6 0h4V13h-4v1.5zm-6 0h4V13H4v1.5z"
          />
        </svg>
      </button>
    </div>
  </div>
</div>
`;
